###############################################################################
#
# IAR ELF Linker V2.20.1.176 for STM8                     28/Jul/2017  23:29:21
# Copyright 2010-2015 IAR Systems AB.
#
#    Output file  =  
#        C:\Users\Administrator\Documents\GitHub\STM8L_Discovery\project\Debug\Exe\4_USART_Printf.out
#    Map file     =  
#        C:\Users\Administrator\Documents\GitHub\STM8L_Discovery\project\Debug\List\4_USART_Printf.map
#    Command line =  
#        C:\Users\Administrator\Documents\GitHub\STM8L_Discovery\project\Debug\Obj\main.o
#        C:\Users\Administrator\Documents\GitHub\STM8L_Discovery\project\Debug\Obj\stm8l15x_clk.o
#        C:\Users\Administrator\Documents\GitHub\STM8L_Discovery\project\Debug\Obj\stm8l15x_gpio.o
#        C:\Users\Administrator\Documents\GitHub\STM8L_Discovery\project\Debug\Obj\stm8l15x_it.o
#        C:\Users\Administrator\Documents\GitHub\STM8L_Discovery\project\Debug\Obj\stm8l15x_usart.o
#        --redirect _Printf=_PrintfSmall --redirect _Scanf=_ScanfSmall -o
#        C:\Users\Administrator\Documents\GitHub\STM8L_Discovery\project\Debug\Exe\4_USART_Printf.out
#        --map
#        C:\Users\Administrator\Documents\GitHub\STM8L_Discovery\project\Debug\List\4_USART_Printf.map
#        --config "C:\Program Files (x86)\IAR Systems\Embedded Workbench
#        7.3\stm8\config\lnkstm8l152c6.icf" --config_def _CSTACK_SIZE=0x100
#        --config_def _HEAP_SIZE=0x100 --entry __iar_program_start --debug_lib
#
###############################################################################

*******************************************************************************
*** RUNTIME MODEL ATTRIBUTES
***

__SystemLibrary            = DLib
__code_model               = small
__core                     = stm8
__data_model               = medium
__dlib_file_descriptor     = 0
__dlib_full_locale_support = 0
__rt_version               = 4


*******************************************************************************
*** PLACEMENT SUMMARY
***

"A1":  place at start of [0x000000-0x0000ff] { rw section .vregs };
"A2":  place at end of [0x000000-0x0007ff] { block CSTACK };
"A3":  place at start of [0x008000-0x00ffff] { block INTVEC };
"P3":  place in [from 0x008000 to 0x00ffff] {
          ro section __DLIB_PERTHREAD_init, ro section .far.data_init,
          ro section .far_func.textrw_init, ro section .huge.data_init,
          ro section .huge_func.textrw_init, ro section .iar.init_table,
          ro section .init_array, ro section .near.data_init,
          ro section .near.rodata, ro section .near_func.text,
          ro section .near_func.textrw_init, ro section .tiny.data_init,
          ro section .tiny.rodata_init };

  Section          Kind      Address   Size  Object
  -------          ----      -------   ----  ------
"A1":                                  0x10
  .vregs           uninit   0x000000   0x10  vregs.o [4]
                          - 0x000010   0x10

"A2":                                 0x100
  CSTACK                    0x000700  0x100  <Block>
    CSTACK         uninit   0x000700  0x100  <Block tail>
                          - 0x000800  0x100

"A3":                                  0x80
  INTVEC                    0x008000   0x80  <Block>
    .intvec        const    0x008000   0x80  interrupt.o [4]
                          - 0x008080   0x80

"P3":                                 0xcaf
  .near_func.text  ro code  0x008080  0x3a0  xprintfsmall.o [4]
  .near_func.text  ro code  0x008420  0x171  xprintfsmall.o [4]
  .near_func.text  ro code  0x008591   0xd6  vreg_util.o [4]
  .near_func.text  ro code  0x008667   0xce  stm8l15x_usart.o [1]
  .near_func.text  ro code  0x008735   0xb0  long.o [4]
  .near_func.text  ro code  0x0087e5   0xaf  stm8l15x_gpio.o [1]
  .near_func.text  ro code  0x008894   0x89  stm8l15x_clk.o [1]
  .near_func.text  ro code  0x00891d   0x72  stm8l15x_clk.o [1]
  .near_func.text  ro code  0x00898f   0x59  main.o [1]
  .near_func.text  ro code  0x0089e8   0x57  long_util.o [4]
  .near_func.text  ro code  0x008a3f   0x3f  xprintfsmall.o [4]
  .near_func.text  ro code  0x008a7e   0x37  xprintfsmall.o [4]
  .near_func.text  ro code  0x008ab5   0x35  xprintfsmall.o [4]
  .near_func.text  ro code  0x008aea   0x2f  xprintfsmall.o [4]
  .near_func.text  ro code  0x008b19   0x2b  short.o [4]
  .near_func.text  ro code  0x008b44   0x27  stm8l15x_usart.o [1]
  .near_func.text  ro code  0x008b6b   0x22  stm8l15x_usart.o [1]
  .near_func.text  ro code  0x008b8d   0x20  main.o [1]
  .near_func.text  ro code  0x008bad   0x20  printf.o [4]
  .near_func.text  ro code  0x008bcd   0x1b  xprout.o [4]
  .near_func.text  ro code  0x008be8   0x18  main.o [1]
  .near_func.text  ro code  0x008c00   0x18  memchr.o [4]
  .near.rodata     const    0x008c18   0x17  main.o [1]
  .near_func.text  ro code  0x008c2f   0x17  init.o [4]
  .near_func.text  ro code  0x008c46   0x15  strchr.o [4]
  .near_func.text  ro code  0x008c5b   0x14  xprintfsmall.o [4]
  .near_func.text  ro code  0x008c6f   0x14  __dbg_xxexit.o [3]
  .near_func.text  ro code  0x008c83   0x13  cstartup.o [4]
  .near_func.text  ro code  0x008c96   0x12  strlen.o [4]
  .near_func.text  ro code  0x008ca8   0x10  xprintfsmall.o [4]
  .near_func.text  ro code  0x008cb8    0xa  xprintfsmall.o [4]
  .near_func.text  ro code  0x008cc2    0x9  xprintfsmall.o [4]
  .near_func.text  ro code  0x008ccb    0x8  stm8l15x_usart.o [1]
  .near_func.text  ro code  0x008cd3    0x8  xprintfsmall.o [4]
  .near.rodata     const    0x008cdb    0x7  xprintfsmall.o [4]
  .near_func.text  ro code  0x008ce2    0x6  xprintfsmall.o [4]
  .near_func.text  ro code  0x008ce8    0x6  xprintfsmall.o [4]
  .near.rodata     const    0x008cee    0x5  stm8l15x_clk.o [1]
  .near_func.text  ro code  0x008cf3    0x5  stm8l15x_usart.o [1]
  .near_func.text  ro code  0x008cf8    0x5  cexit.o [4]
  .near_func.text  ro code  0x008cfd    0x4  stm8l15x_clk.o [1]
  .near.rodata     const    0x008d01    0x3  main.o [1]
  .near_func.text  ro code  0x008d04    0x3  interrupt.o [4]
  .near_func.text  ro code  0x008d07    0x3  low_level_init.o [4]
  .near_func.text  ro code  0x008d0a    0x3  exit.o [4]
  .near_func.text  ro code  0x008d0d    0x3  unhandled_exception.o [4]
  .near_func.text  ro code  0x008d10    0x1  stm8l15x_it.o [1]
  .near_func.text  ro code  0x008d11    0x1  stm8l15x_it.o [1]
  .near_func.text  ro code  0x008d12    0x1  stm8l15x_it.o [1]
  .near_func.text  ro code  0x008d13    0x1  stm8l15x_it.o [1]
  .near_func.text  ro code  0x008d14    0x1  stm8l15x_it.o [1]
  .near_func.text  ro code  0x008d15    0x1  stm8l15x_it.o [1]
  .near_func.text  ro code  0x008d16    0x1  stm8l15x_it.o [1]
  .near_func.text  ro code  0x008d17    0x1  stm8l15x_it.o [1]
  .near_func.text  ro code  0x008d18    0x1  stm8l15x_it.o [1]
  .near_func.text  ro code  0x008d19    0x1  stm8l15x_it.o [1]
  .near_func.text  ro code  0x008d1a    0x1  stm8l15x_it.o [1]
  .near_func.text  ro code  0x008d1b    0x1  stm8l15x_it.o [1]
  .near_func.text  ro code  0x008d1c    0x1  stm8l15x_it.o [1]
  .near_func.text  ro code  0x008d1d    0x1  stm8l15x_it.o [1]
  .near_func.text  ro code  0x008d1e    0x1  stm8l15x_it.o [1]
  .near_func.text  ro code  0x008d1f    0x1  stm8l15x_it.o [1]
  .near_func.text  ro code  0x008d20    0x1  stm8l15x_it.o [1]
  .near_func.text  ro code  0x008d21    0x1  stm8l15x_it.o [1]
  .near_func.text  ro code  0x008d22    0x1  stm8l15x_it.o [1]
  .near_func.text  ro code  0x008d23    0x1  stm8l15x_it.o [1]
  .near_func.text  ro code  0x008d24    0x1  stm8l15x_it.o [1]
  .near_func.text  ro code  0x008d25    0x1  stm8l15x_it.o [1]
  .near_func.text  ro code  0x008d26    0x1  stm8l15x_it.o [1]
  .near_func.text  ro code  0x008d27    0x1  stm8l15x_it.o [1]
  .near_func.text  ro code  0x008d28    0x1  stm8l15x_it.o [1]
  .near_func.text  ro code  0x008d29    0x1  stm8l15x_it.o [1]
  .near_func.text  ro code  0x008d2a    0x1  stm8l15x_it.o [1]
  .near_func.text  ro code  0x008d2b    0x1  stm8l15x_it.o [1]
  .near_func.text  ro code  0x008d2c    0x1  stm8l15x_it.o [1]
  .near_func.text  ro code  0x008d2d    0x1  stm8l15x_it.o [1]
  .near_func.text  ro code  0x008d2e    0x1  __dbg_break.o [3]
                          - 0x008d2f  0xcaf



*******************************************************************************
*** MODULE SUMMARY
***

    Module                 ro code  ro data  rw data
    ------                 -------  -------  -------
C:\Users\Administrator\Documents\GitHub\STM8L_Discovery\project\Debug\Obj: [1]
    main.o                     145       26
    stm8l15x_clk.o             255        5
    stm8l15x_gpio.o            175
    stm8l15x_it.o               30
    stm8l15x_usart.o           292
    ------------------------------------------------
    Total:                     897       31

command line: [2]
    ------------------------------------------------
    Total:

dbgstm8smd.a: [3]
    __dbg_break.o                1
    __dbg_xxexit.o              20
    ------------------------------------------------
    Total:                      21

dlstm8smn.a: [4]
    cexit.o                      5
    cstartup.o                  19
    exit.o                       3
    init.o                      23
    interrupt.o                  3      128
    long.o                     176
    long_util.o                 87
    low_level_init.o             3
    memchr.o                    24
    printf.o                    32
    short.o                     43
    strchr.o                    21
    strlen.o                    18
    unhandled_exception.o        3
    vreg_util.o                214
    vregs.o                                       16
    xprintfsmall.o           1 590        7
    xprout.o                    27
    ------------------------------------------------
    Total:                   2 291      135       16

    Linker created                               256
----------------------------------------------------
    Grand Total:             3 209      166      272


*******************************************************************************
*** ENTRY LIST
***

Entry                      Address   Size  Type      Object
-----                      -------   ----  ----      ------
?and32_l0_l0_0x           0x0087b5         Code  Gb  long.o [4]
?and32_l0_l0_l1           0x0087b2         Code  Gb  long.o [4]
?b0                       0x000000         Data  Gb  vregs.o [4]
?b1                       0x000001         Data  Gb  vregs.o [4]
?b10                      0x00000a         Data  Gb  vregs.o [4]
?b11                      0x00000b         Data  Gb  vregs.o [4]
?b12                      0x00000c         Data  Gb  vregs.o [4]
?b13                      0x00000d         Data  Gb  vregs.o [4]
?b14                      0x00000e         Data  Gb  vregs.o [4]
?b15                      0x00000f         Data  Gb  vregs.o [4]
?b2                       0x000002         Data  Gb  vregs.o [4]
?b3                       0x000003         Data  Gb  vregs.o [4]
?b4                       0x000004         Data  Gb  vregs.o [4]
?b5                       0x000005         Data  Gb  vregs.o [4]
?b6                       0x000006         Data  Gb  vregs.o [4]
?b7                       0x000007         Data  Gb  vregs.o [4]
?b8                       0x000008         Data  Gb  vregs.o [4]
?b9                       0x000009         Data  Gb  vregs.o [4]
?e0                       0x000001         Data  Gb  vregs.o [4]
?e1                       0x000005         Data  Gb  vregs.o [4]
?e2                       0x000009         Data  Gb  vregs.o [4]
?e3                       0x00000d         Data  Gb  vregs.o [4]
?epilogue_l2              0x00860f         Code  Gb  vreg_util.o [4]
?epilogue_l2_l3           0x00860c         Code  Gb  vreg_util.o [4]
?epilogue_w4              0x008613         Code  Gb  vreg_util.o [4]
?l0                       0x000000         Data  Gb  vregs.o [4]
?l1                       0x000004         Data  Gb  vregs.o [4]
?l2                       0x000008         Data  Gb  vregs.o [4]
?l3                       0x00000c         Data  Gb  vregs.o [4]
?load32_0x_l0             0x008a31         Code  Gb  long_util.o [4]
?load32_asp_l0            0x008a25         Code  Gb  long_util.o [4]
?load32_dbsp_l0           0x008a20         Code  Gb  long_util.o [4]
?load32_l0_0x             0x0089f8         Code  Gb  long_util.o [4]
?load32_l0_asp            0x0089ed         Code  Gb  long_util.o [4]
?load32_l0_dbsp           0x0089e8         Code  Gb  long_util.o [4]
?load32_l0_xsp            0x0089ef         Code  Gb  long_util.o [4]
?load32_l1_0x             0x008a14         Code  Gb  long_util.o [4]
?load32_l1_asp            0x008a09         Code  Gb  long_util.o [4]
?load32_l1_dbsp           0x008a04         Code  Gb  long_util.o [4]
?load32_l1_xsp            0x008a0b         Code  Gb  long_util.o [4]
?load32_xsp_l0            0x008a27         Code  Gb  long_util.o [4]
?mov_e0_e2                0x008636         Code  Gb  vreg_util.o [4]
?mov_e1_e0                0x008643         Code  Gb  vreg_util.o [4]
?mov_e2_e0                0x008650         Code  Gb  vreg_util.o [4]
?mov_e3_e0                0x00865d         Code  Gb  vreg_util.o [4]
?mov_l0_l2                0x008633         Code  Gb  vreg_util.o [4]
?mov_l1_l0                0x008640         Code  Gb  vreg_util.o [4]
?mov_l2_l0                0x00864d         Code  Gb  vreg_util.o [4]
?mov_l3_l0                0x00865a         Code  Gb  vreg_util.o [4]
?mov_w0_w5                0x008617         Code  Gb  vreg_util.o [4]
?mov_w1_w5                0x008639         Code  Gb  vreg_util.o [4]
?mov_w3_w1                0x008646         Code  Gb  vreg_util.o [4]
?mov_w4_w0                0x00861e         Code  Gb  vreg_util.o [4]
?mov_w4_w1                0x008625         Code  Gb  vreg_util.o [4]
?mov_w5_w0                0x00862c         Code  Gb  vreg_util.o [4]
?mov_w5_w1                0x008653         Code  Gb  vreg_util.o [4]
?mov_w7_w1                0x008660         Code  Gb  vreg_util.o [4]
?mul16_x_x_w0             0x008b19         Code  Gb  short.o [4]
?neg32_l0_l0              0x008735         Code  Gb  long.o [4]
?pop_l2                   0x0085ee         Code  Gb  vreg_util.o [4]
?pop_l3                   0x0085f9         Code  Gb  vreg_util.o [4]
?pop_w4                   0x0085b3         Code  Gb  vreg_util.o [4]
?push_l0                  0x0085c2         Code  Gb  vreg_util.o [4]
?push_l2                  0x0085c7         Code  Gb  vreg_util.o [4]
?push_l3                  0x0085cc         Code  Gb  vreg_util.o [4]
?push_w0                  0x008591         Code  Gb  vreg_util.o [4]
?push_w1                  0x008596         Code  Gb  vreg_util.o [4]
?push_w4                  0x00859b         Code  Gb  vreg_util.o [4]
?sext32_l0_a              0x0087d8         Code  Gb  long.o [4]
?sext32_l0_x              0x0087cd         Code  Gb  long.o [4]
?sll16_x_x_a              0x008b37         Code  Gb  short.o [4]
?srl16_x_x_4              0x008b3f         Code  Gb  short.o [4]
?udiv32_l0_l0_l1          0x008745         Code  Gb  long.o [4]
?umod32_l1_l0_l1          0x008745         Code  Gb  long.o [4]
?w0                       0x000000         Data  Gb  vregs.o [4]
?w1                       0x000002         Data  Gb  vregs.o [4]
?w2                       0x000004         Data  Gb  vregs.o [4]
?w3                       0x000006         Data  Gb  vregs.o [4]
?w4                       0x000008         Data  Gb  vregs.o [4]
?w5                       0x00000a         Data  Gb  vregs.o [4]
?w6                       0x00000c         Data  Gb  vregs.o [4]
?w7                       0x00000e         Data  Gb  vregs.o [4]
ADC1_COMP_IRQHandler      0x008d22    0x1  Code  Gb  stm8l15x_it.o [1]
CLK_GetClockFreq          0x00891d   0x72  Code  Gb  stm8l15x_clk.o [1]
CLK_PeripheralClockConfig
                          0x008894   0x89  Code  Gb  stm8l15x_clk.o [1]
CLK_SYSCLKDivConfig       0x008cfd    0x4  Code  Gb  stm8l15x_clk.o [1]
CSTACK$$Base              0x000700          --   Gb  - Linker created -
CSTACK$$Limit             0x000800          --   Gb  - Linker created -
DMA1_CHANNEL0_1_IRQHandler
                          0x008d12    0x1  Code  Gb  stm8l15x_it.o [1]
DMA1_CHANNEL2_3_IRQHandler
                          0x008d13    0x1  Code  Gb  stm8l15x_it.o [1]
EXTI0_IRQHandler          0x008d18    0x1  Code  Gb  stm8l15x_it.o [1]
EXTI1_IRQHandler          0x008d19    0x1  Code  Gb  stm8l15x_it.o [1]
EXTI2_IRQHandler          0x008d1a    0x1  Code  Gb  stm8l15x_it.o [1]
EXTI3_IRQHandler          0x008d1b    0x1  Code  Gb  stm8l15x_it.o [1]
EXTI4_IRQHandler          0x008d1c    0x1  Code  Gb  stm8l15x_it.o [1]
EXTI5_IRQHandler          0x008d1d    0x1  Code  Gb  stm8l15x_it.o [1]
EXTI6_IRQHandler          0x008d1e    0x1  Code  Gb  stm8l15x_it.o [1]
EXTI7_IRQHandler          0x008d1f    0x1  Code  Gb  stm8l15x_it.o [1]
EXTIB_G_IRQHandler        0x008d16    0x1  Code  Gb  stm8l15x_it.o [1]
EXTID_H_IRQHandler        0x008d17    0x1  Code  Gb  stm8l15x_it.o [1]
EXTIE_F_PVD_IRQHandler    0x008d15    0x1  Code  Gb  stm8l15x_it.o [1]
FLASH_IRQHandler          0x008d11    0x1  Code  Gb  stm8l15x_it.o [1]
GPIO_Init                 0x0087e5   0xaf  Code  Gb  stm8l15x_gpio.o [1]
I2C1_SPI2_IRQHandler      0x008d2d    0x1  Code  Gb  stm8l15x_it.o [1]
INTVEC$$Base              0x008000          --   Gb  - Linker created -
INTVEC$$Limit             0x008080          --   Gb  - Linker created -
LCD_AES_IRQHandler        0x008d20    0x1  Code  Gb  stm8l15x_it.o [1]
LoadInt                   0x008a3f   0x3f  Code  Lc  xprintfsmall.o [4]
RTC_CSSLSE_IRQHandler     0x008d14    0x1  Code  Gb  stm8l15x_it.o [1]
Region$$Table$$Base     0x00000000          --   Gb  - Linker created -
Region$$Table$$Limit    0x00000000          --   Gb  - Linker created -
SPI1_IRQHandler           0x008d2a    0x1  Code  Gb  stm8l15x_it.o [1]
SWITCH_CSS_BREAK_DAC_IRQHandler
                          0x008d21    0x1  Code  Gb  stm8l15x_it.o [1]
SYSDivFactor              0x008cee    0x5  Data  Gb  stm8l15x_clk.o [1]
TIM1_CC_IRQHandler        0x008d28    0x1  Code  Gb  stm8l15x_it.o [1]
TIM1_UPD_OVF_TRG_COM_IRQHandler
                          0x008d27    0x1  Code  Gb  stm8l15x_it.o [1]
TIM2_CC_USART2_RX_IRQHandler
                          0x008d24    0x1  Code  Gb  stm8l15x_it.o [1]
TIM2_UPD_OVF_TRG_BRK_USART2_TX_IRQHandler
                          0x008d23    0x1  Code  Gb  stm8l15x_it.o [1]
TIM3_CC_USART3_RX_IRQHandler
                          0x008d26    0x1  Code  Gb  stm8l15x_it.o [1]
TIM3_UPD_OVF_TRG_BRK_USART3_TX_IRQHandler
                          0x008d25    0x1  Code  Gb  stm8l15x_it.o [1]
TIM4_UPD_OVF_TRG_IRQHandler
                          0x008d29    0x1  Code  Gb  stm8l15x_it.o [1]
TRAP_IRQHandler           0x008d10    0x1  Code  Gb  stm8l15x_it.o [1]
USART1_RX_TIM5_CC_IRQHandler
                          0x008d2c    0x1  Code  Gb  stm8l15x_it.o [1]
USART1_TX_TIM5_UPD_OVF_TRG_BRK_IRQHandler
                          0x008d2b    0x1  Code  Gb  stm8l15x_it.o [1]
USART_Cmd                 0x008b44   0x27  Code  Gb  stm8l15x_usart.o [1]
USART_GetFlagStatus       0x008b6b   0x22  Code  Gb  stm8l15x_usart.o [1]
USART_Init                0x008667   0xce  Code  Gb  stm8l15x_usart.o [1]
USART_ReceiveData8        0x008cf3    0x5  Code  Gb  stm8l15x_usart.o [1]
USART_SendData8           0x008ccb    0x8  Code  Gb  stm8l15x_usart.o [1]
_LitobSmall               0x008420  0x171  Code  Lc  xprintfsmall.o [4]
_PrintfSmall              0x008080  0x3a0  Code  Gb  xprintfsmall.o [4]
_Prout                    0x008bcd   0x1b  Code  Gb  xprout.o [4]
_PutcharSmall             0x008aea   0x2f  Code  Lc  xprintfsmall.o [4]
_PutcharsSmall            0x008ab5   0x35  Code  Lc  xprintfsmall.o [4]
__DebugBreak              0x008d2e    0x1  Code  Gb  __dbg_break.o [3]
__exit                    0x008c6f   0x14  Code  Gb  __dbg_xxexit.o [3]
__iar_Memchr              0x008c00   0x18  Code  Gb  memchr.o [4]
__iar_Strchr              0x008c46   0x15  Code  Gb  strchr.o [4]
__iar_data_init2          0x008c2f   0x17  Code  Gb  init.o [4]
__iar_program_start       0x008c83         Code  Gb  cstartup.o [4]
__iar_unhandled_exception
                          0x008d0d         Code  Gb  unhandled_exception.o [4]
__intvec                  0x008000         Data  Gb  interrupt.o [4]
__low_level_init          0x008d07    0x3  Code  Gb  low_level_init.o [4]
_exit                     0x008cf8         Code  Gb  cexit.o [4]
_interrupt_1              0x008d10         Code  Gb  stm8l15x_it.o [1]
_interrupt_10             0x008d18         Code  Gb  stm8l15x_it.o [1]
_interrupt_11             0x008d19         Code  Gb  stm8l15x_it.o [1]
_interrupt_12             0x008d1a         Code  Gb  stm8l15x_it.o [1]
_interrupt_13             0x008d1b         Code  Gb  stm8l15x_it.o [1]
_interrupt_14             0x008d1c         Code  Gb  stm8l15x_it.o [1]
_interrupt_15             0x008d1d         Code  Gb  stm8l15x_it.o [1]
_interrupt_16             0x008d1e         Code  Gb  stm8l15x_it.o [1]
_interrupt_17             0x008d1f         Code  Gb  stm8l15x_it.o [1]
_interrupt_18             0x008d20         Code  Gb  stm8l15x_it.o [1]
_interrupt_19             0x008d21         Code  Gb  stm8l15x_it.o [1]
_interrupt_20             0x008d22         Code  Gb  stm8l15x_it.o [1]
_interrupt_21             0x008d23         Code  Gb  stm8l15x_it.o [1]
_interrupt_22             0x008d24         Code  Gb  stm8l15x_it.o [1]
_interrupt_23             0x008d25         Code  Gb  stm8l15x_it.o [1]
_interrupt_24             0x008d26         Code  Gb  stm8l15x_it.o [1]
_interrupt_25             0x008d27         Code  Gb  stm8l15x_it.o [1]
_interrupt_26             0x008d28         Code  Gb  stm8l15x_it.o [1]
_interrupt_27             0x008d29         Code  Gb  stm8l15x_it.o [1]
_interrupt_28             0x008d2a         Code  Gb  stm8l15x_it.o [1]
_interrupt_29             0x008d2b         Code  Gb  stm8l15x_it.o [1]
_interrupt_3              0x008d11         Code  Gb  stm8l15x_it.o [1]
_interrupt_30             0x008d2c         Code  Gb  stm8l15x_it.o [1]
_interrupt_31             0x008d2d         Code  Gb  stm8l15x_it.o [1]
_interrupt_4              0x008d12         Code  Gb  stm8l15x_it.o [1]
_interrupt_5              0x008d13         Code  Gb  stm8l15x_it.o [1]
_interrupt_6              0x008d14         Code  Gb  stm8l15x_it.o [1]
_interrupt_7              0x008d15         Code  Gb  stm8l15x_it.o [1]
_interrupt_8              0x008d16         Code  Gb  stm8l15x_it.o [1]
_interrupt_9              0x008d17         Code  Gb  stm8l15x_it.o [1]
exit                      0x008d0a    0x3  Code  Gb  exit.o [4]
getchar                   0x008be8   0x18  Code  Gb  main.o [1]
main                      0x00898f   0x59  Code  Gb  main.o [1]
pad                       0x008a7e   0x37  Code  Lc  xprintfsmall.o [4]
printf                    0x008bad   0x20  Code  Gb  printf.o [4]
putchar                   0x008b8d   0x20  Code  Gb  main.o [1]
strlen                    0x008c96   0x12  Code  Gb  strlen.o [4]


[1] = C:\Users\Administrator\Documents\GitHub\STM8L_Discovery\project\Debug\Obj
[2] = command line
[3] = dbgstm8smd.a
[4] = dlstm8smn.a

  3 209 bytes of readonly  code memory
    166 bytes of readonly  data memory
    272 bytes of readwrite data memory

Errors: none
Warnings: none
